C51 COMPILER V9.60.7.0   MAIN                                                              08/27/2024 21:49:15 PAGE 1   


C51 COMPILER V9.60.7.0, COMPILATION OF MODULE MAIN
OBJECT MODULE PLACED IN .\Objects\main.obj
COMPILER INVOKED BY: C:\Keil_v5\C51\BIN\C51.EXE main.c OPTIMIZE(8,SPEED) BROWSE DEBUG OBJECTEXTEND PRINT(.\Listings\main
                    -.lst) TABS(2) OBJECT(.\Objects\main.obj)

line level    source

   1          #include <REGX52.H>
   2          
   3          sbit LCD_RS = P2^0;
   4          sbit LCD_RW = P2^1;
   5          sbit LCD_EN = P2^2;
   6          
   7          #define LCD_data P1
   8          void delay_ms(unsigned int t){
   9   1        unsigned int x, y;
  10   1        for (x = 0; x < t; x++){
  11   2          for (y = 0; y < 125; y++);
  12   2        }
  13   1      }
  14          
  15          void LCD_Cmd(unsigned char cmd){
  16   1        LCD_RS = 0;
  17   1        LCD_RW = 0;
  18   1        LCD_data = cmd;
  19   1        LCD_EN = 0;
  20   1        LCD_EN = 1;
  21   1        if (cmd<=0x02){
  22   2          delay_ms(2);
  23   2        }
  24   1        else{
  25   2          delay_ms(1);
  26   2        }
  27   1      }
  28          
  29          void LCD_char(unsigned char c){
  30   1        LCD_RS = 1;
  31   1        LCD_RW = 0;
  32   1        LCD_data = c;
  33   1        LCD_EN = 0;
  34   1        LCD_EN = 1;
  35   1        delay_ms(1);
  36   1      }
  37          
  38          void LCD_string(unsigned char *str){
  39   1        unsigned int i = 0;
  40   1        while (str[i] != 0){
  41   2          LCD_char(str[i]);
  42   2          i++;
  43   2        }
  44   1      }
  45          
  46          void LCD_Init(){
  47   1        LCD_Cmd(0x30);
  48   1        delay_ms(5);
  49   1        LCD_Cmd(0x30);
  50   1        delay_ms(1);
  51   1        LCD_Cmd(0x30);
  52   1        
  53   1        //so dong: 2, font: 5x8
  54   1        LCD_Cmd(0x38);
C51 COMPILER V9.60.7.0   MAIN                                                              08/27/2024 21:49:15 PAGE 2   

  55   1        //clrscr
  56   1        LCD_Cmd(0x01);
  57   1        //bat hien thi va con tro
  58   1        LCD_Cmd (0x0E);
  59   1      }
  60          
  61          void main(void){
  62   1        LCD_Init();
  63   1        LCD_string("HUYEN");
  64   1        LCD_Cmd(0xC0);
  65   1        LCD_string("TRAM");
  66   1        while(1){
  67   2        
  68   2        }
  69   1      }


MODULE INFORMATION:   STATIC OVERLAYABLE
   CODE SIZE        =    185    ----
   CONSTANT SIZE    =     11    ----
   XDATA SIZE       =   ----    ----
   PDATA SIZE       =   ----    ----
   DATA SIZE        =   ----       5
   IDATA SIZE       =   ----    ----
   BIT SIZE         =   ----    ----
END OF MODULE INFORMATION.


C51 COMPILATION COMPLETE.  0 WARNING(S),  0 ERROR(S)
